export const snapshot = {};

snapshot[`parse import foo/bar 1`] = `
[
  {
    end: 14,
    imports: ImportTree {
      segments: [
        SimpleSegment {
          args: undefined,
          as: undefined,
          name: "foo",
        },
        SimpleSegment {
          args: undefined,
          as: undefined,
          name: "bar",
        },
      ],
    },
    kind: "treeImport",
    start: 0,
  },
]
`;
