// Vitest Snapshot v1, https://vitest.dev/guide/snapshot.html

exports[`blockComment parses /* comment */ 1`] = `
{
  "tags": {},
  "value": [
    "/*",
    [
      {
        "kind": "ident",
        "text": "comment",
      },
    ],
    "*/",
  ],
}
`;
