// Vitest Snapshot v1, https://vitest.dev/guide/snapshot.html

exports[`parse unicode ident 1`] = `
"module
  text '
  '
  fn Δέλτα()
    text 'fn '
    decl %Δέλτα
    text '(){}'
  text ' 
  '
  fn réflexion()
    text 'fn '
    decl %réflexion
    text '(){}'
  text ' 
  '
  fn Кызыл()
    text 'fn '
    decl %Кызыл
    text '(){}'
  text ' 
  '
  fn 𐰓𐰏𐰇()
    text 'fn '
    decl %𐰓𐰏𐰇
    text '(){}'
  text ' 
  '
  fn 朝焼け()
    text 'fn '
    decl %朝焼け
    text '(){}'
  text '
  '
  fn سلام()
    text 'fn '
    decl %سلام
    text '(){}'
  text ' 
  '
  fn 검정()
    text 'fn '
    decl %검정
    text '(){}'
  text ' 
  '
  fn שָׁלוֹם()
    text 'fn '
    decl %שָׁלוֹם
    text '(){}'
  text '
  '
  fn गुलाबी()
    text 'fn '
    decl %गुलाबी
    text '(){}'
  text '
  '
  fn փիրուզ()
    text 'fn '
    decl %փիրուզ
    text '(){}'
  text '
  '"
`;
